100 99 89 32 26 91 72 67 64 9 95 82 6 66 55 43 77 87 73 17 86 46 12 33 18 22 50 35 30 27 56 81 48 5 76 13 44 80 85 16 52 38 97 42 47 31 62 69 28 15 7 11 51 75 4 90 59 93 41 94 2 60 84 29 61 53 23 79 74 54 3 88 49 25 98 14 68 34 39 8 58 96 1 10 20 65 92 57 37 21 71 78 36 45 70 63 83 24 19 40
