51 84 6 36 1 62 63 72 61 79 99 38 50 32 55 30 59 28 70 85 15 33 48 24 13 93 23 71 37 8 68 12 42 97 41 7 86 2 44 96 43 20 25 57 67 90 91 58 10 17 56 98 9 69 14 95 27 64 21 11 5 45 78 53 74 46 52 29 40 87 76 82 31 73 3 83 100 66 18 19 60 75 88 35 49 80 47 16 89 34 54 92 26 94 65 77 39 22 4 81
